2020-10-16 15:19:25,169.169 c:\projects\idmtools\idmtools_core\idmtools\core\logging.py:96 setup_logging [DEBUG] (11080,1632) - idmtools core version: 1.5.1+nightly.0
2020-10-16 15:19:25,170.170 c:\projects\idmtools\idmtools_core\idmtools\config\idm_config_parser.py:210 _init_logging [WARNING] (11080,1632) - You are using a development version of idmtools, version 1.5.1+nightly.0!
2020-10-16 15:19:25,170.170 c:\projects\idmtools\idmtools_core\idmtools\config\idm_config_parser.py:210 _init_logging [WARNING] (11080,1632) - You are using a development version of idmtools, version 1.5.1+nightly.0!
2020-10-16 15:19:25,171.171 c:\projects\idmtools\idmtools_core\idmtools\config\idm_config_parser.py:189 _load_config_file [VERBOSE] (11080,1632) - INI File Used: C:\Projects\itertools_zdu\examples\idmtools.ini
2020-10-16 15:19:25,171.171 c:\projects\idmtools\idmtools_core\idmtools\config\idm_config_parser.py:189 _load_config_file [VERBOSE] (11080,1632) - INI File Used: C:\Projects\itertools_zdu\examples\idmtools.ini
2020-10-16 15:19:25,546.546 C:\Users\zdu\venv\iter36_main_new\lib\site-packages\keyring\backend.py:197 _load_plugins [DEBUG] (11080,1632) - Loading KWallet
2020-10-16 15:19:25,551.551 C:\Users\zdu\venv\iter36_main_new\lib\site-packages\keyring\backend.py:197 _load_plugins [DEBUG] (11080,1632) - Loading SecretService
2020-10-16 15:19:25,554.554 C:\Users\zdu\venv\iter36_main_new\lib\site-packages\keyring\backend.py:197 _load_plugins [DEBUG] (11080,1632) - Loading Windows
2020-10-16 15:19:25,720.720 C:\Users\zdu\venv\iter36_main_new\lib\site-packages\keyring\backend.py:197 _load_plugins [DEBUG] (11080,1632) - Loading chainer
2020-10-16 15:19:25,722.722 C:\Users\zdu\venv\iter36_main_new\lib\site-packages\keyring\backend.py:197 _load_plugins [DEBUG] (11080,1632) - Loading macOS
2020-10-16 15:35:54,978.978 c:\projects\idmtools\idmtools_core\idmtools\core\logging.py:96 setup_logging [DEBUG] (19700,7896) - idmtools core version: 1.5.1+nightly.0
2020-10-16 15:35:54,980.980 c:\projects\idmtools\idmtools_core\idmtools\config\idm_config_parser.py:210 _init_logging [WARNING] (19700,7896) - You are using a development version of idmtools, version 1.5.1+nightly.0!
2020-10-16 15:35:54,980.980 c:\projects\idmtools\idmtools_core\idmtools\config\idm_config_parser.py:210 _init_logging [WARNING] (19700,7896) - You are using a development version of idmtools, version 1.5.1+nightly.0!
2020-10-16 15:35:54,981.981 c:\projects\idmtools\idmtools_core\idmtools\config\idm_config_parser.py:189 _load_config_file [VERBOSE] (19700,7896) - INI File Used: C:\Projects\itertools_zdu\examples\idmtools.ini
2020-10-16 15:35:54,981.981 c:\projects\idmtools\idmtools_core\idmtools\config\idm_config_parser.py:189 _load_config_file [VERBOSE] (19700,7896) - INI File Used: C:\Projects\itertools_zdu\examples\idmtools.ini
2020-10-16 15:35:55,435.435 C:\Users\zdu\venv\iter36_main_new\lib\site-packages\keyring\backend.py:197 _load_plugins [DEBUG] (19700,7896) - Loading KWallet
2020-10-16 15:35:55,440.440 C:\Users\zdu\venv\iter36_main_new\lib\site-packages\keyring\backend.py:197 _load_plugins [DEBUG] (19700,7896) - Loading SecretService
2020-10-16 15:35:55,444.444 C:\Users\zdu\venv\iter36_main_new\lib\site-packages\keyring\backend.py:197 _load_plugins [DEBUG] (19700,7896) - Loading Windows
2020-10-16 15:35:55,631.631 C:\Users\zdu\venv\iter36_main_new\lib\site-packages\keyring\backend.py:197 _load_plugins [DEBUG] (19700,7896) - Loading chainer
2020-10-16 15:35:55,633.633 C:\Users\zdu\venv\iter36_main_new\lib\site-packages\keyring\backend.py:197 _load_plugins [DEBUG] (19700,7896) - Loading macOS
2020-10-19 07:53:31,256.256 c:\projects\idmtools\idmtools_core\idmtools\core\logging.py:96 setup_logging [DEBUG] (25896,19976) - idmtools core version: 1.5.1+nightly.0
2020-10-19 07:53:31,257.257 c:\projects\idmtools\idmtools_core\idmtools\config\idm_config_parser.py:210 _init_logging [WARNING] (25896,19976) - You are using a development version of idmtools, version 1.5.1+nightly.0!
2020-10-19 07:53:31,257.257 c:\projects\idmtools\idmtools_core\idmtools\config\idm_config_parser.py:210 _init_logging [WARNING] (25896,19976) - You are using a development version of idmtools, version 1.5.1+nightly.0!
2020-10-19 07:53:31,258.258 c:\projects\idmtools\idmtools_core\idmtools\config\idm_config_parser.py:189 _load_config_file [VERBOSE] (25896,19976) - INI File Used: C:\Projects\itertool_zdu2\idmtools.ini
2020-10-19 07:53:31,258.258 c:\projects\idmtools\idmtools_core\idmtools\config\idm_config_parser.py:189 _load_config_file [VERBOSE] (25896,19976) - INI File Used: C:\Projects\itertool_zdu2\idmtools.ini
2020-10-19 07:53:31,974.974 C:\Users\zdu\venv\iter37_main\lib\site-packages\keyring\backend.py:197 _load_plugins [DEBUG] (25896,19976) - Loading KWallet
2020-10-19 07:53:31,976.976 C:\Users\zdu\venv\iter37_main\lib\site-packages\keyring\backend.py:197 _load_plugins [DEBUG] (25896,19976) - Loading SecretService
2020-10-19 07:53:31,979.979 C:\Users\zdu\venv\iter37_main\lib\site-packages\keyring\backend.py:197 _load_plugins [DEBUG] (25896,19976) - Loading Windows
2020-10-19 07:53:32,060.60 C:\Users\zdu\venv\iter37_main\lib\site-packages\keyring\backend.py:197 _load_plugins [DEBUG] (25896,19976) - Loading chainer
2020-10-19 07:53:32,062.62 C:\Users\zdu\venv\iter37_main\lib\site-packages\keyring\backend.py:197 _load_plugins [DEBUG] (25896,19976) - Loading macOS
2020-10-19 07:53:56,379.379 c:\projects\idmtools\idmtools_core\idmtools\core\logging.py:96 setup_logging [DEBUG] (27504,27316) - idmtools core version: 1.5.1+nightly.0
2020-10-19 07:53:56,380.380 c:\projects\idmtools\idmtools_core\idmtools\config\idm_config_parser.py:210 _init_logging [WARNING] (27504,27316) - You are using a development version of idmtools, version 1.5.1+nightly.0!
2020-10-19 07:53:56,380.380 c:\projects\idmtools\idmtools_core\idmtools\config\idm_config_parser.py:210 _init_logging [WARNING] (27504,27316) - You are using a development version of idmtools, version 1.5.1+nightly.0!
2020-10-19 07:53:56,380.380 c:\projects\idmtools\idmtools_core\idmtools\config\idm_config_parser.py:189 _load_config_file [VERBOSE] (27504,27316) - INI File Used: C:\Projects\itertool_zdu2\idmtools.ini
2020-10-19 07:53:56,380.380 c:\projects\idmtools\idmtools_core\idmtools\config\idm_config_parser.py:189 _load_config_file [VERBOSE] (27504,27316) - INI File Used: C:\Projects\itertool_zdu2\idmtools.ini
2020-10-19 07:53:56,672.672 C:\Users\zdu\venv\iter37_main\lib\site-packages\keyring\backend.py:197 _load_plugins [DEBUG] (27504,27316) - Loading KWallet
2020-10-19 07:53:56,674.674 C:\Users\zdu\venv\iter37_main\lib\site-packages\keyring\backend.py:197 _load_plugins [DEBUG] (27504,27316) - Loading SecretService
2020-10-19 07:53:56,676.676 C:\Users\zdu\venv\iter37_main\lib\site-packages\keyring\backend.py:197 _load_plugins [DEBUG] (27504,27316) - Loading Windows
2020-10-19 07:53:56,746.746 C:\Users\zdu\venv\iter37_main\lib\site-packages\keyring\backend.py:197 _load_plugins [DEBUG] (27504,27316) - Loading chainer
2020-10-19 07:53:56,748.748 C:\Users\zdu\venv\iter37_main\lib\site-packages\keyring\backend.py:197 _load_plugins [DEBUG] (27504,27316) - Loading macOS
2020-10-19 08:33:12,067.67 c:\projects\idmtools\idmtools_core\idmtools\core\logging.py:96 setup_logging [DEBUG] (24608,20036) - idmtools core version: 1.5.1+nightly.0
2020-10-19 08:33:12,067.67 c:\projects\idmtools\idmtools_core\idmtools\config\idm_config_parser.py:210 _init_logging [WARNING] (24608,20036) - You are using a development version of idmtools, version 1.5.1+nightly.0!
2020-10-19 08:33:12,067.67 c:\projects\idmtools\idmtools_core\idmtools\config\idm_config_parser.py:210 _init_logging [WARNING] (24608,20036) - You are using a development version of idmtools, version 1.5.1+nightly.0!
2020-10-19 08:33:12,068.68 c:\projects\idmtools\idmtools_core\idmtools\config\idm_config_parser.py:189 _load_config_file [VERBOSE] (24608,20036) - INI File Used: C:\Projects\itertool_zdu2\idmtools.ini
2020-10-19 08:33:12,068.68 c:\projects\idmtools\idmtools_core\idmtools\config\idm_config_parser.py:189 _load_config_file [VERBOSE] (24608,20036) - INI File Used: C:\Projects\itertool_zdu2\idmtools.ini
2020-10-19 08:33:12,342.342 C:\Users\zdu\venv\iter37_main\lib\site-packages\keyring\backend.py:197 _load_plugins [DEBUG] (24608,20036) - Loading KWallet
2020-10-19 08:33:12,345.345 C:\Users\zdu\venv\iter37_main\lib\site-packages\keyring\backend.py:197 _load_plugins [DEBUG] (24608,20036) - Loading SecretService
2020-10-19 08:33:12,346.346 C:\Users\zdu\venv\iter37_main\lib\site-packages\keyring\backend.py:197 _load_plugins [DEBUG] (24608,20036) - Loading Windows
2020-10-19 08:33:12,418.418 C:\Users\zdu\venv\iter37_main\lib\site-packages\keyring\backend.py:197 _load_plugins [DEBUG] (24608,20036) - Loading chainer
2020-10-19 08:33:12,419.419 C:\Users\zdu\venv\iter37_main\lib\site-packages\keyring\backend.py:197 _load_plugins [DEBUG] (24608,20036) - Loading macOS
2020-10-19 08:35:04,354.354 c:\projects\idmtools\idmtools_core\idmtools\core\logging.py:96 setup_logging [DEBUG] (24732,25852) - idmtools core version: 1.5.1+nightly.0
2020-10-19 08:35:04,355.355 c:\projects\idmtools\idmtools_core\idmtools\config\idm_config_parser.py:210 _init_logging [WARNING] (24732,25852) - You are using a development version of idmtools, version 1.5.1+nightly.0!
2020-10-19 08:35:04,355.355 c:\projects\idmtools\idmtools_core\idmtools\config\idm_config_parser.py:210 _init_logging [WARNING] (24732,25852) - You are using a development version of idmtools, version 1.5.1+nightly.0!
2020-10-19 08:35:04,355.355 c:\projects\idmtools\idmtools_core\idmtools\config\idm_config_parser.py:189 _load_config_file [VERBOSE] (24732,25852) - INI File Used: C:\Projects\itertool_zdu2\idmtools.ini
2020-10-19 08:35:04,355.355 c:\projects\idmtools\idmtools_core\idmtools\config\idm_config_parser.py:189 _load_config_file [VERBOSE] (24732,25852) - INI File Used: C:\Projects\itertool_zdu2\idmtools.ini
2020-10-19 08:35:04,633.633 C:\Users\zdu\venv\iter37_main\lib\site-packages\keyring\backend.py:197 _load_plugins [DEBUG] (24732,25852) - Loading KWallet
2020-10-19 08:35:04,636.636 C:\Users\zdu\venv\iter37_main\lib\site-packages\keyring\backend.py:197 _load_plugins [DEBUG] (24732,25852) - Loading SecretService
2020-10-19 08:35:04,637.637 C:\Users\zdu\venv\iter37_main\lib\site-packages\keyring\backend.py:197 _load_plugins [DEBUG] (24732,25852) - Loading Windows
2020-10-19 08:35:04,711.711 C:\Users\zdu\venv\iter37_main\lib\site-packages\keyring\backend.py:197 _load_plugins [DEBUG] (24732,25852) - Loading chainer
2020-10-19 08:35:04,713.713 C:\Users\zdu\venv\iter37_main\lib\site-packages\keyring\backend.py:197 _load_plugins [DEBUG] (24732,25852) - Loading macOS
2020-10-19 08:42:31,137.137 c:\projects\idmtools\idmtools_core\idmtools\core\logging.py:96 setup_logging [DEBUG] (26596,5880) - idmtools core version: 1.5.1+nightly.0
2020-10-19 08:42:31,138.138 c:\projects\idmtools\idmtools_core\idmtools\config\idm_config_parser.py:210 _init_logging [WARNING] (26596,5880) - You are using a development version of idmtools, version 1.5.1+nightly.0!
2020-10-19 08:42:31,138.138 c:\projects\idmtools\idmtools_core\idmtools\config\idm_config_parser.py:210 _init_logging [WARNING] (26596,5880) - You are using a development version of idmtools, version 1.5.1+nightly.0!
2020-10-19 08:42:31,139.139 c:\projects\idmtools\idmtools_core\idmtools\config\idm_config_parser.py:189 _load_config_file [VERBOSE] (26596,5880) - INI File Used: C:\Projects\itertool_zdu2\idmtools.ini
2020-10-19 08:42:31,139.139 c:\projects\idmtools\idmtools_core\idmtools\config\idm_config_parser.py:189 _load_config_file [VERBOSE] (26596,5880) - INI File Used: C:\Projects\itertool_zdu2\idmtools.ini
2020-10-19 08:42:31,530.530 C:\Users\zdu\venv\iter37_main\lib\site-packages\keyring\backend.py:197 _load_plugins [DEBUG] (26596,5880) - Loading KWallet
2020-10-19 08:42:31,533.533 C:\Users\zdu\venv\iter37_main\lib\site-packages\keyring\backend.py:197 _load_plugins [DEBUG] (26596,5880) - Loading SecretService
2020-10-19 08:42:31,536.536 C:\Users\zdu\venv\iter37_main\lib\site-packages\keyring\backend.py:197 _load_plugins [DEBUG] (26596,5880) - Loading Windows
2020-10-19 08:42:31,702.702 C:\Users\zdu\venv\iter37_main\lib\site-packages\keyring\backend.py:197 _load_plugins [DEBUG] (26596,5880) - Loading chainer
2020-10-19 08:42:31,704.704 C:\Users\zdu\venv\iter37_main\lib\site-packages\keyring\backend.py:197 _load_plugins [DEBUG] (26596,5880) - Loading macOS
2020-10-19 08:43:16,058.58 c:\projects\idmtools\idmtools_core\idmtools\core\logging.py:96 setup_logging [DEBUG] (26828,25412) - idmtools core version: 1.5.1+nightly.0
2020-10-19 08:43:16,059.59 c:\projects\idmtools\idmtools_core\idmtools\config\idm_config_parser.py:210 _init_logging [WARNING] (26828,25412) - You are using a development version of idmtools, version 1.5.1+nightly.0!
2020-10-19 08:43:16,059.59 c:\projects\idmtools\idmtools_core\idmtools\config\idm_config_parser.py:210 _init_logging [WARNING] (26828,25412) - You are using a development version of idmtools, version 1.5.1+nightly.0!
2020-10-19 08:43:16,060.60 c:\projects\idmtools\idmtools_core\idmtools\config\idm_config_parser.py:189 _load_config_file [VERBOSE] (26828,25412) - INI File Used: C:\Projects\itertool_zdu2\idmtools.ini
2020-10-19 08:43:16,060.60 c:\projects\idmtools\idmtools_core\idmtools\config\idm_config_parser.py:189 _load_config_file [VERBOSE] (26828,25412) - INI File Used: C:\Projects\itertool_zdu2\idmtools.ini
2020-10-19 08:43:16,443.443 C:\Users\zdu\venv\iter37_main\lib\site-packages\keyring\backend.py:197 _load_plugins [DEBUG] (26828,25412) - Loading KWallet
2020-10-19 08:43:16,446.446 C:\Users\zdu\venv\iter37_main\lib\site-packages\keyring\backend.py:197 _load_plugins [DEBUG] (26828,25412) - Loading SecretService
2020-10-19 08:43:16,450.450 C:\Users\zdu\venv\iter37_main\lib\site-packages\keyring\backend.py:197 _load_plugins [DEBUG] (26828,25412) - Loading Windows
2020-10-19 08:43:16,618.618 C:\Users\zdu\venv\iter37_main\lib\site-packages\keyring\backend.py:197 _load_plugins [DEBUG] (26828,25412) - Loading chainer
2020-10-19 08:43:16,620.620 C:\Users\zdu\venv\iter37_main\lib\site-packages\keyring\backend.py:197 _load_plugins [DEBUG] (26828,25412) - Loading macOS
2020-10-19 08:59:00,585.585 c:\projects\idmtools\idmtools_core\idmtools\core\logging.py:96 setup_logging [DEBUG] (19528,23608) - idmtools core version: 1.5.1+nightly.0
2020-10-19 08:59:00,587.587 c:\projects\idmtools\idmtools_core\idmtools\config\idm_config_parser.py:210 _init_logging [WARNING] (19528,23608) - You are using a development version of idmtools, version 1.5.1+nightly.0!
2020-10-19 08:59:00,587.587 c:\projects\idmtools\idmtools_core\idmtools\config\idm_config_parser.py:210 _init_logging [WARNING] (19528,23608) - You are using a development version of idmtools, version 1.5.1+nightly.0!
2020-10-19 08:59:00,588.588 c:\projects\idmtools\idmtools_core\idmtools\config\idm_config_parser.py:189 _load_config_file [VERBOSE] (19528,23608) - INI File Used: C:\Projects\itertool_zdu2\idmtools.ini
2020-10-19 08:59:00,588.588 c:\projects\idmtools\idmtools_core\idmtools\config\idm_config_parser.py:189 _load_config_file [VERBOSE] (19528,23608) - INI File Used: C:\Projects\itertool_zdu2\idmtools.ini
2020-10-19 08:59:00,983.983 C:\Users\zdu\venv\iter37_main\lib\site-packages\keyring\backend.py:197 _load_plugins [DEBUG] (19528,23608) - Loading KWallet
2020-10-19 08:59:00,986.986 C:\Users\zdu\venv\iter37_main\lib\site-packages\keyring\backend.py:197 _load_plugins [DEBUG] (19528,23608) - Loading SecretService
2020-10-19 08:59:00,989.989 C:\Users\zdu\venv\iter37_main\lib\site-packages\keyring\backend.py:197 _load_plugins [DEBUG] (19528,23608) - Loading Windows
2020-10-19 08:59:01,151.151 C:\Users\zdu\venv\iter37_main\lib\site-packages\keyring\backend.py:197 _load_plugins [DEBUG] (19528,23608) - Loading chainer
2020-10-19 08:59:01,152.152 C:\Users\zdu\venv\iter37_main\lib\site-packages\keyring\backend.py:197 _load_plugins [DEBUG] (19528,23608) - Loading macOS
2020-10-19 09:03:30,858.858 c:\projects\idmtools\idmtools_core\idmtools\core\logging.py:96 setup_logging [DEBUG] (25056,13220) - idmtools core version: 1.5.1+nightly.0
2020-10-19 09:03:30,862.862 c:\projects\idmtools\idmtools_core\idmtools\config\idm_config_parser.py:210 _init_logging [WARNING] (25056,13220) - You are using a development version of idmtools, version 1.5.1+nightly.0!
2020-10-19 09:03:30,862.862 c:\projects\idmtools\idmtools_core\idmtools\config\idm_config_parser.py:210 _init_logging [WARNING] (25056,13220) - You are using a development version of idmtools, version 1.5.1+nightly.0!
2020-10-19 09:03:30,863.863 c:\projects\idmtools\idmtools_core\idmtools\config\idm_config_parser.py:189 _load_config_file [VERBOSE] (25056,13220) - INI File Used: C:\Projects\itertool_zdu2\idmtools.ini
2020-10-19 09:03:30,863.863 c:\projects\idmtools\idmtools_core\idmtools\config\idm_config_parser.py:189 _load_config_file [VERBOSE] (25056,13220) - INI File Used: C:\Projects\itertool_zdu2\idmtools.ini
2020-10-19 09:03:31,248.248 C:\Users\zdu\venv\iter37_main\lib\site-packages\keyring\backend.py:197 _load_plugins [DEBUG] (25056,13220) - Loading KWallet
2020-10-19 09:03:31,252.252 C:\Users\zdu\venv\iter37_main\lib\site-packages\keyring\backend.py:197 _load_plugins [DEBUG] (25056,13220) - Loading SecretService
2020-10-19 09:03:31,255.255 C:\Users\zdu\venv\iter37_main\lib\site-packages\keyring\backend.py:197 _load_plugins [DEBUG] (25056,13220) - Loading Windows
2020-10-19 09:03:31,417.417 C:\Users\zdu\venv\iter37_main\lib\site-packages\keyring\backend.py:197 _load_plugins [DEBUG] (25056,13220) - Loading chainer
2020-10-19 09:03:31,419.419 C:\Users\zdu\venv\iter37_main\lib\site-packages\keyring\backend.py:197 _load_plugins [DEBUG] (25056,13220) - Loading macOS
2020-10-19 09:04:26,314.314 c:\projects\idmtools\idmtools_core\idmtools\core\logging.py:96 setup_logging [DEBUG] (18464,16312) - idmtools core version: 1.5.1+nightly.0
2020-10-19 09:04:26,317.317 c:\projects\idmtools\idmtools_core\idmtools\config\idm_config_parser.py:210 _init_logging [WARNING] (18464,16312) - You are using a development version of idmtools, version 1.5.1+nightly.0!
2020-10-19 09:04:26,317.317 c:\projects\idmtools\idmtools_core\idmtools\config\idm_config_parser.py:210 _init_logging [WARNING] (18464,16312) - You are using a development version of idmtools, version 1.5.1+nightly.0!
2020-10-19 09:04:26,318.318 c:\projects\idmtools\idmtools_core\idmtools\config\idm_config_parser.py:189 _load_config_file [VERBOSE] (18464,16312) - INI File Used: C:\Projects\itertool_zdu2\idmtools.ini
2020-10-19 09:04:26,318.318 c:\projects\idmtools\idmtools_core\idmtools\config\idm_config_parser.py:189 _load_config_file [VERBOSE] (18464,16312) - INI File Used: C:\Projects\itertool_zdu2\idmtools.ini
2020-10-19 09:04:26,696.696 C:\Users\zdu\venv\iter37_main\lib\site-packages\keyring\backend.py:197 _load_plugins [DEBUG] (18464,16312) - Loading KWallet
2020-10-19 09:04:26,700.700 C:\Users\zdu\venv\iter37_main\lib\site-packages\keyring\backend.py:197 _load_plugins [DEBUG] (18464,16312) - Loading SecretService
2020-10-19 09:04:26,703.703 C:\Users\zdu\venv\iter37_main\lib\site-packages\keyring\backend.py:197 _load_plugins [DEBUG] (18464,16312) - Loading Windows
2020-10-19 09:04:26,871.871 C:\Users\zdu\venv\iter37_main\lib\site-packages\keyring\backend.py:197 _load_plugins [DEBUG] (18464,16312) - Loading chainer
2020-10-19 09:04:26,873.873 C:\Users\zdu\venv\iter37_main\lib\site-packages\keyring\backend.py:197 _load_plugins [DEBUG] (18464,16312) - Loading macOS
2020-10-19 09:06:59,294.294 c:\projects\idmtools\idmtools_core\idmtools\core\logging.py:96 setup_logging [DEBUG] (26824,17000) - idmtools core version: 1.5.1+nightly.0
2020-10-19 09:06:59,294.294 c:\projects\idmtools\idmtools_core\idmtools\config\idm_config_parser.py:210 _init_logging [WARNING] (26824,17000) - You are using a development version of idmtools, version 1.5.1+nightly.0!
2020-10-19 09:06:59,294.294 c:\projects\idmtools\idmtools_core\idmtools\config\idm_config_parser.py:210 _init_logging [WARNING] (26824,17000) - You are using a development version of idmtools, version 1.5.1+nightly.0!
2020-10-19 09:06:59,295.295 c:\projects\idmtools\idmtools_core\idmtools\config\idm_config_parser.py:189 _load_config_file [VERBOSE] (26824,17000) - INI File Used: C:\Projects\itertool_zdu2\idmtools.ini
2020-10-19 09:06:59,295.295 c:\projects\idmtools\idmtools_core\idmtools\config\idm_config_parser.py:189 _load_config_file [VERBOSE] (26824,17000) - INI File Used: C:\Projects\itertool_zdu2\idmtools.ini
2020-10-19 09:06:59,595.595 C:\Users\zdu\venv\iter37_main\lib\site-packages\keyring\backend.py:197 _load_plugins [DEBUG] (26824,17000) - Loading KWallet
2020-10-19 09:06:59,597.597 C:\Users\zdu\venv\iter37_main\lib\site-packages\keyring\backend.py:197 _load_plugins [DEBUG] (26824,17000) - Loading SecretService
2020-10-19 09:06:59,599.599 C:\Users\zdu\venv\iter37_main\lib\site-packages\keyring\backend.py:197 _load_plugins [DEBUG] (26824,17000) - Loading Windows
2020-10-19 09:06:59,672.672 C:\Users\zdu\venv\iter37_main\lib\site-packages\keyring\backend.py:197 _load_plugins [DEBUG] (26824,17000) - Loading chainer
2020-10-19 09:06:59,673.673 C:\Users\zdu\venv\iter37_main\lib\site-packages\keyring\backend.py:197 _load_plugins [DEBUG] (26824,17000) - Loading macOS
2020-10-21 12:40:24,362.362 c:\projects\idmtools\idmtools_core\idmtools\core\logging.py:96 setup_logging [DEBUG] (28844,20276) - idmtools core version: 1.5.1+nightly.0
2020-10-21 12:40:24,362.362 c:\projects\idmtools\idmtools_core\idmtools\config\idm_config_parser.py:210 _init_logging [WARNING] (28844,20276) - You are using a development version of idmtools, version 1.5.1+nightly.0!
2020-10-21 12:40:24,362.362 c:\projects\idmtools\idmtools_core\idmtools\config\idm_config_parser.py:210 _init_logging [WARNING] (28844,20276) - You are using a development version of idmtools, version 1.5.1+nightly.0!
2020-10-21 12:40:24,362.362 c:\projects\idmtools\idmtools_core\idmtools\config\idm_config_parser.py:189 _load_config_file [VERBOSE] (28844,20276) - INI File Used: C:\Projects\itertool_zdu2\idmtools.ini
2020-10-21 12:40:24,362.362 c:\projects\idmtools\idmtools_core\idmtools\config\idm_config_parser.py:189 _load_config_file [VERBOSE] (28844,20276) - INI File Used: C:\Projects\itertool_zdu2\idmtools.ini
2020-10-21 12:40:24,649.649 C:\Users\zdu\venv\iter37_main\lib\site-packages\keyring\backend.py:197 _load_plugins [DEBUG] (28844,20276) - Loading KWallet
2020-10-21 12:40:24,653.653 C:\Users\zdu\venv\iter37_main\lib\site-packages\keyring\backend.py:197 _load_plugins [DEBUG] (28844,20276) - Loading SecretService
2020-10-21 12:40:24,655.655 C:\Users\zdu\venv\iter37_main\lib\site-packages\keyring\backend.py:197 _load_plugins [DEBUG] (28844,20276) - Loading Windows
2020-10-21 12:40:24,730.730 C:\Users\zdu\venv\iter37_main\lib\site-packages\keyring\backend.py:197 _load_plugins [DEBUG] (28844,20276) - Loading chainer
2020-10-21 12:40:24,731.731 C:\Users\zdu\venv\iter37_main\lib\site-packages\keyring\backend.py:197 _load_plugins [DEBUG] (28844,20276) - Loading macOS
2020-10-21 12:41:53,818.818 c:\projects\idmtools\idmtools_core\idmtools\core\logging.py:96 setup_logging [DEBUG] (1068,4424) - idmtools core version: 1.5.1+nightly.0
2020-10-21 12:41:53,818.818 c:\projects\idmtools\idmtools_core\idmtools\config\idm_config_parser.py:210 _init_logging [WARNING] (1068,4424) - You are using a development version of idmtools, version 1.5.1+nightly.0!
2020-10-21 12:41:53,818.818 c:\projects\idmtools\idmtools_core\idmtools\config\idm_config_parser.py:210 _init_logging [WARNING] (1068,4424) - You are using a development version of idmtools, version 1.5.1+nightly.0!
2020-10-21 12:41:53,819.819 c:\projects\idmtools\idmtools_core\idmtools\config\idm_config_parser.py:189 _load_config_file [VERBOSE] (1068,4424) - INI File Used: C:\Projects\itertool_zdu2\idmtools.ini
2020-10-21 12:41:53,819.819 c:\projects\idmtools\idmtools_core\idmtools\config\idm_config_parser.py:189 _load_config_file [VERBOSE] (1068,4424) - INI File Used: C:\Projects\itertool_zdu2\idmtools.ini
2020-10-21 12:41:54,107.107 C:\Users\zdu\venv\iter37_main\lib\site-packages\keyring\backend.py:197 _load_plugins [DEBUG] (1068,4424) - Loading KWallet
2020-10-21 12:41:54,110.110 C:\Users\zdu\venv\iter37_main\lib\site-packages\keyring\backend.py:197 _load_plugins [DEBUG] (1068,4424) - Loading SecretService
2020-10-21 12:41:54,112.112 C:\Users\zdu\venv\iter37_main\lib\site-packages\keyring\backend.py:197 _load_plugins [DEBUG] (1068,4424) - Loading Windows
2020-10-21 12:41:54,181.181 C:\Users\zdu\venv\iter37_main\lib\site-packages\keyring\backend.py:197 _load_plugins [DEBUG] (1068,4424) - Loading chainer
2020-10-21 12:41:54,181.181 C:\Users\zdu\venv\iter37_main\lib\site-packages\keyring\backend.py:197 _load_plugins [DEBUG] (1068,4424) - Loading macOS
2020-10-21 12:45:13,729.729 c:\projects\idmtools\idmtools_core\idmtools\core\logging.py:96 setup_logging [DEBUG] (25512,6496) - idmtools core version: 1.5.1+nightly.0
2020-10-21 12:45:13,730.730 c:\projects\idmtools\idmtools_core\idmtools\config\idm_config_parser.py:210 _init_logging [WARNING] (25512,6496) - You are using a development version of idmtools, version 1.5.1+nightly.0!
2020-10-21 12:45:13,730.730 c:\projects\idmtools\idmtools_core\idmtools\config\idm_config_parser.py:210 _init_logging [WARNING] (25512,6496) - You are using a development version of idmtools, version 1.5.1+nightly.0!
2020-10-21 12:45:13,731.731 c:\projects\idmtools\idmtools_core\idmtools\config\idm_config_parser.py:189 _load_config_file [VERBOSE] (25512,6496) - INI File Used: C:\Projects\itertool_zdu2\idmtools.ini
2020-10-21 12:45:13,731.731 c:\projects\idmtools\idmtools_core\idmtools\config\idm_config_parser.py:189 _load_config_file [VERBOSE] (25512,6496) - INI File Used: C:\Projects\itertool_zdu2\idmtools.ini
2020-10-21 12:45:14,038.38 C:\Users\zdu\venv\iter37_main\lib\site-packages\keyring\backend.py:197 _load_plugins [DEBUG] (25512,6496) - Loading KWallet
2020-10-21 12:45:14,041.41 C:\Users\zdu\venv\iter37_main\lib\site-packages\keyring\backend.py:197 _load_plugins [DEBUG] (25512,6496) - Loading SecretService
2020-10-21 12:45:14,043.43 C:\Users\zdu\venv\iter37_main\lib\site-packages\keyring\backend.py:197 _load_plugins [DEBUG] (25512,6496) - Loading Windows
2020-10-21 12:45:14,114.114 C:\Users\zdu\venv\iter37_main\lib\site-packages\keyring\backend.py:197 _load_plugins [DEBUG] (25512,6496) - Loading chainer
2020-10-21 12:45:14,115.115 C:\Users\zdu\venv\iter37_main\lib\site-packages\keyring\backend.py:197 _load_plugins [DEBUG] (25512,6496) - Loading macOS
